---
source: tests/contracts/theme_commands.rs
expression: sanitized
---
+----------------+---------+-----------------+
| name           | source  | status          |
+----------------+---------+-----------------+
| Catppuccin     | builtin |                 |
| Dracula        | builtin |                 |
| Gruvbox        | builtin |                 |
| Molokai        | builtin |                 |
| Nord           | builtin |                 |
| Plain          | builtin |                 |
| Rose Pine Moon | builtin | active, default |
| Tokyo Night    | builtin |                 |
+----------------+---------+-----------------+
