---
source: src/osp_cli/app/tests/presentation.rs
assertion_line: 151
expression: "render_help_snapshot(&[(\"ui.presentation\", \"expressive\")])"
---
- Usage ----------
  osp [OPTIONS]
------------------

- Commands -------
  help
------------------

- Options --------
  -h, --help
------------------
